// Jest Snapshot v1, https://goo.gl/fbAQLP

exports[`Countdown renders correctly 1`] = `
<View
  style={
    {
      "flexDirection": "row",
      "justifyContent": "space-around",
    }
  }
>
  <Text
    style={
      [
        {
          "textAlign": "left",
        },
        {
          "color": "rgba(28, 27, 31, 1)",
          "writingDirection": "ltr",
        },
        [
          {
            "fontFamily": "System",
            "fontSize": 57,
            "fontWeight": "400",
            "letterSpacing": 0,
            "lineHeight": 64,
          },
          undefined,
        ],
      ]
    }
  >
    01 : 00
  </Text>
</View>
`;
