// Jest Snapshot v1, https://goo.gl/fbAQLP

exports[`checks index screen renders correctly 1`] = `
<View
  style={
    {
      "alignItems": "center",
      "backgroundColor": "white",
      "color": "#EDC81A",
      "flex": 1,
      "justifyContent": "center",
      "padding": 10,
    }
  }
>
  <View
    style={
      {
        "alignItems": "center",
        "justifyContent": "center",
      }
    }
  >
    <Text
      style={
        [
          {
            "textAlign": "left",
          },
          {
            "color": "rgba(28, 27, 31, 1)",
            "writingDirection": "ltr",
          },
          [
            {
              "fontFamily": "System",
              "fontSize": 24,
              "fontWeight": "400",
              "letterSpacing": 0,
              "lineHeight": 32,
            },
            {
              "margin": 10,
            },
          ],
        ]
      }
    >
      Number of drills
    </Text>
    <View
      style={
        {
          "alignItems": "center",
          "flexDirection": "row",
          "justifyContent": "center",
        }
      }
    >
      <View
        collapsable={false}
        style={
          {
            "backgroundColor": "transparent",
            "borderRadius": 23,
            "height": 46,
            "margin": 6,
            "shadowColor": "#000",
            "shadowOffset": {
              "height": 0,
              "width": 0,
            },
            "shadowOpacity": 0,
            "shadowRadius": 0,
            "width": 46,
          }
        }
        testID="decrement-container-outer-layer"
      >
        <View
          collapsable={false}
          style={
            {
              "backgroundColor": "transparent",
              "borderColor": "rgba(121, 116, 126, 1)",
              "borderRadius": 23,
              "borderWidth": 0,
              "elevation": 0,
              "flex": 1,
              "overflow": "hidden",
              "shadowColor": "#000",
              "shadowOffset": {
                "height": 0,
                "width": 0,
              },
              "shadowOpacity": 0,
              "shadowRadius": 0,
            }
          }
          testID="decrement-container"
        >
          <View
            accessibilityComponentType="button"
            accessibilityRole="button"
            accessibilityState={
              {
                "busy": undefined,
                "checked": undefined,
                "disabled": false,
                "expanded": undefined,
                "selected": undefined,
              }
            }
            accessibilityTraits="button"
            accessibilityValue={
              {
                "max": undefined,
                "min": undefined,
                "now": undefined,
                "text": undefined,
              }
            }
            accessible={true}
            centered={true}
            collapsable={false}
            focusable={true}
            hitSlop={
              {
                "bottom": 6,
                "left": 6,
                "right": 6,
                "top": 6,
              }
            }
            onBlur={[Function]}
            onClick={[Function]}
            onFocus={[Function]}
            onResponderGrant={[Function]}
            onResponderMove={[Function]}
            onResponderRelease={[Function]}
            onResponderTerminate={[Function]}
            onResponderTerminationRequest={[Function]}
            onStartShouldSetResponder={[Function]}
            style={
              [
                {
                  "overflow": "hidden",
                },
                [
                  {
                    "alignItems": "center",
                    "flexGrow": 1,
                    "justifyContent": "center",
                  },
                  {
                    "borderRadius": 23,
                  },
                ],
              ]
            }
            testID="decrement"
          >
            <Text />
          </View>
        </View>
      </View>
      <Text
        style={
          [
            {
              "textAlign": "left",
            },
            {
              "color": "rgba(28, 27, 31, 1)",
              "writingDirection": "ltr",
            },
            [
              {
                "fontFamily": "System",
                "fontSize": 36,
                "fontWeight": "400",
                "letterSpacing": 0,
                "lineHeight": 44,
              },
              undefined,
            ],
          ]
        }
      >
        1
      </Text>
      <View
        collapsable={false}
        style={
          {
            "backgroundColor": "transparent",
            "borderRadius": 20,
            "height": 40,
            "margin": 6,
            "shadowColor": "#000",
            "shadowOffset": {
              "height": 0,
              "width": 0,
            },
            "shadowOpacity": 0,
            "shadowRadius": 0,
            "width": 40,
          }
        }
        testID="increment-container-outer-layer"
      >
        <View
          collapsable={false}
          style={
            {
              "backgroundColor": "transparent",
              "borderColor": "rgba(121, 116, 126, 1)",
              "borderRadius": 20,
              "borderWidth": 0,
              "elevation": 0,
              "flex": 1,
              "overflow": "hidden",
              "shadowColor": "#000",
              "shadowOffset": {
                "height": 0,
                "width": 0,
              },
              "shadowOpacity": 0,
              "shadowRadius": 0,
            }
          }
          testID="increment-container"
        >
          <View
            accessibilityComponentType="button"
            accessibilityRole="button"
            accessibilityState={
              {
                "busy": undefined,
                "checked": undefined,
                "disabled": false,
                "expanded": undefined,
                "selected": undefined,
              }
            }
            accessibilityTraits="button"
            accessibilityValue={
              {
                "max": undefined,
                "min": undefined,
                "now": undefined,
                "text": undefined,
              }
            }
            accessible={true}
            centered={true}
            collapsable={false}
            focusable={true}
            hitSlop={
              {
                "bottom": 6,
                "left": 6,
                "right": 6,
                "top": 6,
              }
            }
            onBlur={[Function]}
            onClick={[Function]}
            onFocus={[Function]}
            onResponderGrant={[Function]}
            onResponderMove={[Function]}
            onResponderRelease={[Function]}
            onResponderTerminate={[Function]}
            onResponderTerminationRequest={[Function]}
            onStartShouldSetResponder={[Function]}
            style={
              [
                {
                  "overflow": "hidden",
                },
                [
                  {
                    "alignItems": "center",
                    "flexGrow": 1,
                    "justifyContent": "center",
                  },
                  {
                    "borderRadius": 20,
                  },
                ],
              ]
            }
            testID="increment"
          >
            <Text />
          </View>
        </View>
      </View>
    </View>
  </View>
  <View
    style={
      [
        {
          "marginVertical": 8,
        },
        {
          "backgroundColor": "#231FEA",
          "color": "#EDC81A",
          "width": "100%",
        },
      ]
    }
    theme={
      {
        "animation": {
          "scale": 1,
        },
        "colors": {
          "backdrop": "rgba(50, 47, 55, 0.4)",
          "background": "rgba(255, 251, 254, 1)",
          "elevation": {
            "level0": "transparent",
            "level1": "rgb(247, 243, 249)",
            "level2": "rgb(243, 237, 246)",
            "level3": "rgb(238, 232, 244)",
            "level4": "rgb(236, 230, 243)",
            "level5": "rgb(233, 227, 241)",
          },
          "error": "rgba(179, 38, 30, 1)",
          "errorContainer": "rgba(249, 222, 220, 1)",
          "inverseOnSurface": "rgba(244, 239, 244, 1)",
          "inversePrimary": "rgba(208, 188, 255, 1)",
          "inverseSurface": "rgba(49, 48, 51, 1)",
          "onBackground": "rgba(28, 27, 31, 1)",
          "onError": "rgba(255, 255, 255, 1)",
          "onErrorContainer": "rgba(65, 14, 11, 1)",
          "onPrimary": "rgba(255, 255, 255, 1)",
          "onPrimaryContainer": "rgba(33, 0, 93, 1)",
          "onSecondary": "rgba(255, 255, 255, 1)",
          "onSecondaryContainer": "rgba(29, 25, 43, 1)",
          "onSurface": "rgba(28, 27, 31, 1)",
          "onSurfaceDisabled": "rgba(28, 27, 31, 0.38)",
          "onSurfaceVariant": "rgba(73, 69, 79, 1)",
          "onTertiary": "rgba(255, 255, 255, 1)",
          "onTertiaryContainer": "rgba(49, 17, 29, 1)",
          "outline": "rgba(121, 116, 126, 1)",
          "outlineVariant": "rgba(202, 196, 208, 1)",
          "primary": "rgba(103, 80, 164, 1)",
          "primaryContainer": "rgba(234, 221, 255, 1)",
          "scrim": "rgba(0, 0, 0, 1)",
          "secondary": "rgba(98, 91, 113, 1)",
          "secondaryContainer": "rgba(232, 222, 248, 1)",
          "shadow": "rgba(0, 0, 0, 1)",
          "surface": "rgba(255, 251, 254, 1)",
          "surfaceDisabled": "rgba(28, 27, 31, 0.12)",
          "surfaceVariant": "rgba(231, 224, 236, 1)",
          "tertiary": "rgba(125, 82, 96, 1)",
          "tertiaryContainer": "rgba(255, 216, 228, 1)",
        },
        "dark": false,
        "fonts": {
          "bodyLarge": {
            "fontFamily": "System",
            "fontSize": 16,
            "fontWeight": "400",
            "letterSpacing": 0.15,
            "lineHeight": 24,
          },
          "bodyMedium": {
            "fontFamily": "System",
            "fontSize": 14,
            "fontWeight": "400",
            "letterSpacing": 0.25,
            "lineHeight": 20,
          },
          "bodySmall": {
            "fontFamily": "System",
            "fontSize": 12,
            "fontWeight": "400",
            "letterSpacing": 0.4,
            "lineHeight": 16,
          },
          "default": {
            "fontFamily": "System",
            "fontWeight": "400",
            "letterSpacing": 0,
          },
          "displayLarge": {
            "fontFamily": "System",
            "fontSize": 57,
            "fontWeight": "400",
            "letterSpacing": 0,
            "lineHeight": 64,
          },
          "displayMedium": {
            "fontFamily": "System",
            "fontSize": 45,
            "fontWeight": "400",
            "letterSpacing": 0,
            "lineHeight": 52,
          },
          "displaySmall": {
            "fontFamily": "System",
            "fontSize": 36,
            "fontWeight": "400",
            "letterSpacing": 0,
            "lineHeight": 44,
          },
          "headlineLarge": {
            "fontFamily": "System",
            "fontSize": 32,
            "fontWeight": "400",
            "letterSpacing": 0,
            "lineHeight": 40,
          },
          "headlineMedium": {
            "fontFamily": "System",
            "fontSize": 28,
            "fontWeight": "400",
            "letterSpacing": 0,
            "lineHeight": 36,
          },
          "headlineSmall": {
            "fontFamily": "System",
            "fontSize": 24,
            "fontWeight": "400",
            "letterSpacing": 0,
            "lineHeight": 32,
          },
          "labelLarge": {
            "fontFamily": "System",
            "fontSize": 14,
            "fontWeight": "500",
            "letterSpacing": 0.1,
            "lineHeight": 20,
          },
          "labelMedium": {
            "fontFamily": "System",
            "fontSize": 12,
            "fontWeight": "500",
            "letterSpacing": 0.5,
            "lineHeight": 16,
          },
          "labelSmall": {
            "fontFamily": "System",
            "fontSize": 11,
            "fontWeight": "500",
            "letterSpacing": 0.5,
            "lineHeight": 16,
          },
          "titleLarge": {
            "fontFamily": "System",
            "fontSize": 22,
            "fontWeight": "400",
            "letterSpacing": 0,
            "lineHeight": 28,
          },
          "titleMedium": {
            "fontFamily": "System",
            "fontSize": 16,
            "fontWeight": "500",
            "letterSpacing": 0.15,
            "lineHeight": 24,
          },
          "titleSmall": {
            "fontFamily": "System",
            "fontSize": 14,
            "fontWeight": "500",
            "letterSpacing": 0.1,
            "lineHeight": 20,
          },
        },
        "isV3": true,
        "roundness": 4,
        "version": 3,
      }
    }
  >
    <View>
      <View
        style={
          {
            "backgroundColor": "rgba(255, 251, 254, 1)",
          }
        }
      >
        <View
          accessibilityRole="button"
          accessibilityState={
            {
              "busy": undefined,
              "checked": undefined,
              "disabled": false,
              "expanded": false,
              "selected": undefined,
            }
          }
          accessibilityValue={
            {
              "max": undefined,
              "min": undefined,
              "now": undefined,
              "text": undefined,
            }
          }
          accessible={true}
          collapsable={false}
          focusable={true}
          onBlur={[Function]}
          onClick={[Function]}
          onFocus={[Function]}
          onResponderGrant={[Function]}
          onResponderMove={[Function]}
          onResponderRelease={[Function]}
          onResponderTerminate={[Function]}
          onResponderTerminationRequest={[Function]}
          onStartShouldSetResponder={[Function]}
          style={
            [
              {
                "overflow": "hidden",
              },
              [
                {
                  "paddingRight": 24,
                  "paddingVertical": 8,
                },
                {
                  "backgroundColor": "#231FEA",
                  "color": "#EDC81A",
                  "width": "100%",
                },
              ],
            ]
          }
          testID="accordion"
        >
          <View
            pointerEvents="none"
            style={
              {
                "flexDirection": "row",
                "marginVertical": 6,
              }
            }
          >
            <View
              style={
                [
                  {
                    "paddingLeft": 16,
                  },
                  {
                    "flex": 1,
                    "justifyContent": "center",
                  },
                ]
              }
            >
              <Text
                numberOfLines={1}
                selectable={false}
                style={
                  [
                    {
                      "textAlign": "left",
                    },
                    {
                      "color": "rgba(28, 27, 31, 1)",
                      "fontFamily": "System",
                      "fontWeight": "400",
                      "letterSpacing": 0,
                    },
                    {
                      "writingDirection": "ltr",
                    },
                    [
                      {
                        "fontSize": 16,
                      },
                      {
                        "color": "rgba(28, 27, 31, 1)",
                      },
                      {
                        "backgroundColor": "#231FEA",
                        "color": "#EDC81A",
                        "width": "100%",
                      },
                    ],
                  ]
                }
              >
                Choose your drills
              </Text>
            </View>
            <View
              style={
                [
                  {
                    "marginVertical": 6,
                    "paddingLeft": 8,
                  },
                  undefined,
                ]
              }
            >
              <Text />
            </View>
          </View>
        </View>
      </View>
    </View>
  </View>
  <View
    collapsable={false}
    style={
      {
        "backgroundColor": "rgba(28, 27, 31, 0.12)",
        "borderRadius": 20,
        "shadowColor": "#000",
        "shadowOffset": {
          "height": 0,
          "width": 0,
        },
        "shadowOpacity": 0,
        "shadowRadius": 0,
      }
    }
    testID="workoutButton-container-outer-layer"
  >
    <View
      collapsable={false}
      style={
        {
          "backgroundColor": "rgba(28, 27, 31, 0.12)",
          "borderColor": "transparent",
          "borderRadius": 20,
          "borderStyle": "solid",
          "borderWidth": 0,
          "flex": undefined,
          "minWidth": 64,
          "shadowColor": "#000",
          "shadowOffset": {
            "height": 0,
            "width": 0,
          },
          "shadowOpacity": 0,
          "shadowRadius": 0,
        }
      }
      testID="workoutButton-container"
    >
      <View
        accessibilityRole="button"
        accessibilityState={
          {
            "busy": undefined,
            "checked": undefined,
            "disabled": true,
            "expanded": undefined,
            "selected": undefined,
          }
        }
        accessibilityValue={
          {
            "max": undefined,
            "min": undefined,
            "now": undefined,
            "text": undefined,
          }
        }
        accessible={true}
        collapsable={false}
        focusable={true}
        onBlur={[Function]}
        onClick={[Function]}
        onFocus={[Function]}
        onResponderGrant={[Function]}
        onResponderMove={[Function]}
        onResponderRelease={[Function]}
        onResponderTerminate={[Function]}
        onResponderTerminationRequest={[Function]}
        onStartShouldSetResponder={[Function]}
        style={
          [
            {
              "overflow": "hidden",
            },
            {
              "borderRadius": 20,
            },
          ]
        }
        testID="workoutButton"
      >
        <View
          style={
            [
              {
                "alignItems": "center",
                "flexDirection": "row",
                "justifyContent": "center",
              },
              undefined,
            ]
          }
        >
          <Text
            numberOfLines={1}
            selectable={false}
            style={
              [
                {
                  "textAlign": "left",
                },
                {
                  "color": "rgba(28, 27, 31, 1)",
                  "writingDirection": "ltr",
                },
                [
                  {
                    "fontFamily": "System",
                    "fontSize": 14,
                    "fontWeight": "500",
                    "letterSpacing": 0.1,
                    "lineHeight": 20,
                  },
                  [
                    {
                      "marginHorizontal": 16,
                      "marginVertical": 9,
                      "textAlign": "center",
                    },
                    false,
                    {
                      "marginHorizontal": 24,
                      "marginVertical": 10,
                    },
                    undefined,
                    false,
                    {
                      "color": "rgba(28, 27, 31, 0.38)",
                      "fontFamily": "System",
                      "fontSize": 14,
                      "fontWeight": "500",
                      "letterSpacing": 0.1,
                      "lineHeight": 20,
                    },
                    undefined,
                  ],
                ],
              ]
            }
            testID="workoutButton-text"
          >
            Go to workout
          </Text>
        </View>
      </View>
    </View>
  </View>
</View>
`;
